NONASCII|compact-prep
NONASCII|compliance
NONASCII|deep-research
NONASCII|deep-research-code
NONASCII|figma-use
NONASCII|gh-workflows
NONASCII|ingest-worktree
NONASCII|marp-slide
NONASCII|notes-system
NONASCII|one-pager
NONASCII|project-index
NONASCII|provision-capture
NONASCII|sentinel
NONASCII|session-snapshot
NONASCII|sprint-overseer
NONASCII|wind-down
